[0;30;40m[2J  [1;31m€€[33m€€[32m€€[36m€€
 [31m€€[33m€€[32m€€[36m€€  [37mﬂﬂﬂﬂ€ €   €  €ﬂﬂﬂﬂ
[31m€€[33m€€[32m€€[36m€€     [37m‹ﬂ   ﬂ‹ﬂ   €‹‹‹  €   € ‹ﬂﬂﬂ‹
[31m€[33m€€[32m€€[36m€€    [37m‹ﬂ    ‹ﬂ ﬂ‹  €     ﬂ‹ ‹ﬂ €   €
[33m€€[32m€€[36m€€     [37mﬂﬂﬂﬂﬂ ﬂ   ﬂ  ﬂﬂﬂﬂﬂ   ﬂ    ﬂﬂﬂ

ZX-Evolution bootloader v0.04

The firmware receiving...[0;30m